Hello, logs
